// Jest Snapshot v1, https://goo.gl/fbAQLP

exports[`should not found page render right 1`] = `
<div>
  <Connect(ExpensesSummary) />
  <Connect(ExpenseListFilters) />
  <Connect(ExpenseList) />
</div>
`;
