// Jest Snapshot v1, https://goo.gl/fbAQLP

exports[`should render ExpensesListItem right 1`] = `
<div>
  <Link
    to="/edit/1"
  >
    <h3>
      Gum
    </h3>
  </Link>
  <p>
    195
  </p>
  January 1st, 1970
</div>
`;
